// Jest Snapshot v1, https://goo.gl/fbAQLP

exports[`Pruebas en el componente SearchScreen Debe de mostrar a Batman y el el query con el string 1`] = `
<div>
  <h1>
    Search Screen
  </h1>
  <hr />
  <div
    className="row"
  >
    <div
      className="col-5"
    >
      <h4>
        Search Form
      </h4>
      <hr />
      <form
        onSubmit={[Function]}
      >
        <input
          autoComplete="off"
          className="form-control"
          name="search"
          onChange={[Function]}
          placeholder="Find your hero"
          type="text"
          value="batman"
        />
        <button
          className="btn mt-1 btn-block btn-outline-primary"
        >
          Search
        </button>
      </form>
    </div>
    <div
      className="col-7"
    >
      <h4>
        Results
      </h4>
      <hr />
      <div
        className="animate__animated animate__fadeIn"
        key="dc-batman"
      >
        <div
          className="card ms-3"
          style={
            Object {
              "maxWidth": 540,
            }
          }
        >
          <div
            className="row no-gutters"
          >
            <div
              className="col-md-4"
            >
              <img
                alt="Batman"
                className="card-img"
                src="./assets/heroes/dc-batman.jpg"
              />
            </div>
            <div
              className="col-md-8"
            >
              <div
                className="card-body"
              >
                <h5
                  className="card-title"
                >
                  Batman
                  <img
                    alt="Batman"
                    className="card-img ml-2"
                    src="../assets/publishers/DC Comics.png"
                    style={
                      Object {
                        "maxWidth": 50,
                      }
                    }
                  />
                </h5>
                <p
                  className="card-text"
                >
                  Bruce Wayne
                </p>
                <p
                  className="card-text"
                >
                  <small
                    className="text-muted"
                  >
                    Detective Comics #27
                  </small>
                </p>
                <a
                  href="/hero/dc-batman"
                  onClick={[Function]}
                >
                  MÃ¡s...
                </a>
              </div>
            </div>
          </div>
        </div>
      </div>
    </div>
  </div>
</div>
`;

exports[`Pruebas en el componente SearchScreen Debe de mostrar un error si no se encuentra el hero 1`] = `
<div>
  <h1>
    Search Screen
  </h1>
  <hr />
  <div
    className="row"
  >
    <div
      className="col-5"
    >
      <h4>
        Search Form
      </h4>
      <hr />
      <form
        onSubmit={[Function]}
      >
        <input
          autoComplete="off"
          className="form-control"
          name="search"
          onChange={[Function]}
          placeholder="Find your hero"
          type="text"
          value="batmant"
        />
        <button
          className="btn mt-1 btn-block btn-outline-primary"
        >
          Search
        </button>
      </form>
    </div>
    <div
      className="col-7"
    >
      <h4>
        Results
      </h4>
      <hr />
      <div
        className="alert alert-warning animate__animated animate__fadeIn"
      >
        There is not a hero with 
        <b>
          " 
          batmant
           "
        </b>
      </div>
    </div>
  </div>
</div>
`;

exports[`Pruebas en el componente SearchScreen Debe de mostrarse correctamente con valores por defecto 1`] = `
<div>
  <h1>
    Search Screen
  </h1>
  <hr />
  <div
    className="row"
  >
    <div
      className="col-5"
    >
      <h4>
        Search Form
      </h4>
      <hr />
      <form
        onSubmit={[Function]}
      >
        <input
          autoComplete="off"
          className="form-control"
          name="search"
          onChange={[Function]}
          placeholder="Find your hero"
          type="text"
          value=""
        />
        <button
          className="btn mt-1 btn-block btn-outline-primary"
        >
          Search
        </button>
      </form>
    </div>
    <div
      className="col-7"
    >
      <h4>
        Results
      </h4>
      <hr />
      <div
        className="alert alert-info animate__animated animate__fadeIn"
      >
        Search a hero
      </div>
    </div>
  </div>
</div>
`;
