// Jest Snapshot v1, https://goo.gl/fbAQLP

exports[`Pruebas en HeroScreen Debe de mostrarse correctamente 1`] = `""`;
